
> x-2009786-vaccination@1.0.0 build
> now-sdk build

[now-sdk] Initiating the build process ...
[now-sdk] Building project from C:\Users\VARGAS\OneDrive\Documents\e-Bakuna...
[now-sdk] WARN: No tsconfig.json found in "src/client" directory, using default compiler options for type checking
[now-sdk] Type check completed successfully
[now-sdk] ERROR: Build failed:   x Return statement is not allowed here
    ,-[89:1]
 86 |       };
 87 |     
 88 |       if (loading) {
 89 | ,->     return (
 90 | |         <div className="loading-screen">
 91 | |           <div className="loading-spinner"></div>
 92 | |           <p>Loading your dashboard...</p>
 93 | |         </div>
 94 | `->     );
 95 |       }
 96 |     
 96 |       return (
    `----
  x Return statement is not allowed here
     ,-[97:1]
  94 |         );
  95 |       }
  96 |     
  97 | ,->   return (
  98 | |       <div className="citizen-dashboard">
  99 | |         <div className="container">
 100 | |           {/* Hero Banner */}
 101 | |           <div className="hero-banner">
 102 | |             <div className="hero-background"></div>
 103 | |             <div className="hero-circles"></div>
 104 | |             <div className="hero-content">
 105 | |               <div className="hero-text">
 106 | |                 <div className="hero-badge">
 107 | |                   <div className="pulse-dot"></div>
 108 | |                   <span>≡ƒÅÑ Cebu City Health Office ΓÇö E-Bakuna Portal</span>
 109 | |                 </div>
 110 | |                 <h1 className="hero-title">
 111 | |                   Professional Vaccination
 112 | |                   <br />
 113 | |                   <span className="hero-highlight">Appointment System</span>
 114 | |                 </h1>
 115 | |                 <p className="hero-subtitle">
 116 | |                   Schedule your free barangay pop-up clinic vaccination. Safe, professional 
 117 | |                   healthcare available for all Cebu City residents with qualified medical staff.
 118 | |                 </p>
 119 | |                 <div className="hero-buttons">
 120 | |                   <button className="btn-hero-primary">≡ƒôà Browse Schedules</button>
 121 | |                   <button className="btn-hero-secondary">≡ƒöì My Appointments</button>
 122 | |                 </div>
 123 | |               </div>
 124 | |               <div className="hero-stats">
 125 | |                 <div className="hero-stat-label">Active Clinics Today</div>
 126 | |                 <div className="hero-stat-value">{stats.activeClinics}</div>
 127 | |                 <div className="hero-stat-subtitle">Across Cebu City districts</div>
 128 | |                 <div className="hero-stat-divider"></div>
 129 | |                 <div className="hero-stat-label">Available Slots</div>
 130 | |                 <div className="hero-stat-value-small">184</div>
 131 | |               </div>
 132 | |             </div>
 133 | |           </div>
 134 | |   
 135 | |           {/* Stats Cards */}
 136 | |           <div className="stats-grid">
 137 | |             <div className="stat-card">
 138 | |               <div className="stat-icon">≡ƒÅÑ</div>
 139 | |               <div className="stat-value">{stats.activeClinics}</div>
 140 | |               <div className="stat-label">Active Clinics</div>
 141 | |               <div className="stat-change">Γåù +3 opened this week</div>
 142 | |             </div>
 143 | |             
 144 | |             <div className="stat-card">
 145 | |               <div className="stat-icon">≡ƒæÑ</div>
 146 | |               <div className="stat-value">{stats.citizensBooked.toLocaleString()}</div>
 147 | |               <div className="stat-label">Citizens Booked</div>
 148 | |               <div className="stat-change">Γåù +67 booked today</div>
 149 | |             </div>
 150 | |             
 151 | |             <div className="stat-card">
 152 | |               <div className="stat-icon">≡ƒÆë</div>
 153 | |               <div className="stat-value">{stats.vaccinesGiven.toLocaleString()}</div>
 154 | |               <div className="stat-label">Vaccines Given</div>
 155 | |               <div className="stat-change">Γåù +156 this week</div>
 156 | |             </div>
 157 | |             
 158 | |             <div className="stat-card">
 159 | |               <div className="stat-icon">≡ƒô▒</div>
 160 | |               <div className="stat-value">{stats.remindersSent}</div>
 161 | |               <div className="stat-label">SMS Reminders</div>
 162 | |               <div className="stat-change">Sent automatically</div>
 163 | |             </div>
 164 | |           </div>
 165 | |   
 166 | |           {/* Main Content */}
 167 | |           <div className="main-content">
 168 | |             {/* My Appointments Panel */}
 169 | |             <div className="appointments-panel">
 170 | |               <div className="card">
 171 | |                 <div className="section-header">
 172 | |                   <h2>≡ƒôï My Appointments</h2>
 173 | |                   <p>Track your vaccination appointments and status</p>
 174 | |                 </div>
 175 | |                 
 176 | |                 <div className="appointments-list">
 177 | |                   {appointments.length === 0 ? (
 178 | |                     <div className="empty-state">
 179 | |                       <p>No appointments found. Book your first vaccination schedule!</p>
 180 | |                     </div>
 181 | |                   ) : (
 182 | |                     appointments.map(appointment => (
 183 | |                       <div key={appointment.sys_id} className="appointment-item">
 184 | |                         <div className="appointment-ref">
 185 | |                           {extractValue(appointment.reference_number)}
 186 | |                         </div>
 187 | |                         <div className="appointment-details">
 188 | |                           <div className="appointment-clinic">
 189 | |                             {extractValue(appointment.schedule?.clinic?.name) || 'N/A'}
 190 | |                           </div>
 191 | |                           <div className="appointment-info">
 192 | |                             Dose {extractValue(appointment.dose_number)} ΓÇó 
 193 | |                             {formatDate(extractValue(appointment.schedule?.start_date_time))}
 194 | |                           </div>
 195 | |                         </div>
 196 | |                         <div className={`status-badge ${getStatusBadgeClass(extractValue(appointment.status))}`}>
 197 | |                           {extractValue(appointment.status)}
 198 | |                         </div>
 199 | |                       </div>
 200 | |                     ))
 201 | |                   )}
 202 | |                 </div>
 203 | |               </div>
 204 | |             </div>
 205 | |   
 206 | |             {/* Browse Schedules Panel */}
 207 | |             <div className="schedules-panel">
 208 | |               <div className="card">
 209 | |                 <div className="section-header">
 210 | |                   <div>
 211 | |                     <h2>≡ƒôì Browse Schedules</h2>
 212 | |                     <p>Click any schedule below to book your appointment slot</p>
 213 | |                   </div>
 214 | |                   <span className="available-badge">{schedules.length} Available</span>
 215 | |                 </div>
 216 | |                 
 217 | |                 <div className="schedules-list">
 218 | |                   {schedules.length === 0 ? (
 219 | |                     <div className="empty-state">
 220 | |                       <p>No schedules available. Please check back later.</p>
 221 | |                     </div>
 222 | |                   ) : (
 223 | |                     schedules.map(schedule => {
 224 | |                       const scheduleDate = new Date(extractValue(schedule.start_date_time));
 225 | |                       const remaining = extractValue(schedule.remaining_slots) || 0;
 226 | |                       const maxCapacity = extractValue(schedule.max_capacity) || 1;
 227 | |                       const filled = maxCapacity - remaining;
 228 | |                       const fillPercentage = (filled / maxCapacity) * 100;
 229 | |   
 230 | |                       return (
 231 | |                         <div 
 232 | |                           key={schedule.sys_id} 
 233 | |                           className="schedule-item"
 234 | |                           onClick={() => handleBookNow(schedule)}
 235 | |                         >
 236 | |                           <div className="schedule-date">
 237 | |                             <span className="schedule-month">
 238 | |                               {scheduleDate.toLocaleDateString('en-US', { month: 'short' }).toUpperCase()}
 239 | |                             </span>
 240 | |                             <span className="schedule-day">
 241 | |                               {scheduleDate.getDate()}
 242 | |                             </span>
 243 | |                           </div>
 244 | |                           
 245 | |                           <div className="schedule-details">
 246 | |                             <div className="schedule-title">
 247 | |                               {extractValue(schedule.clinic?.name)} ΓÇö {extractValue(schedule.vaccine_brand)}
 248 | |                             </div>
 249 | |                             <div className="schedule-time">
 250 | |                               {scheduleDate.toLocaleTimeString('en-US', { 
 251 | |                                 hour: '2-digit', 
 252 | |                                 minute: '2-digit',
 253 | |                                 hour12: true 
 254 | |                               })} ┬╖ {extractValue(schedule.clinic?.barangay)}
 255 | |                             </div>
 256 | |                             <div className="schedule-progress">
 257 | |                               <div 
 258 | |                                 className="schedule-progress-bar"
 259 | |                                 style={{ width: `${fillPercentage}%` }}
 260 | |                               ></div>
 261 | |                             </div>
 262 | |                             <div className="schedule-slots">
 263 | |                               {filled} / {maxCapacity} slots filled ┬╖ {remaining} remaining
 264 | |                             </div>
 265 | |                           </div>
 266 | |                           
 267 | |                           <button className="schedule-book-btn">
 268 | |                             Book Now ΓåÆ
 269 | |                           </button>
 270 | |                         </div>
 271 | |                       );
 272 | |                     })
 273 | |                   )}
 274 | |                 </div>
 275 | |               </div>
 276 | |             </div>
 277 | |           </div>
 278 | |   
 279 | |           {/* Logout Button */}
 280 | |           <div style={{ textAlign: 'center', marginTop: '40px' }}>
 281 | |             <button className="btn-logout" onClick={onLogout}>
 282 | |               Logout
 283 | |             </button>
 284 | |           </div>
 285 | |         </div>
 286 | |   
 287 | |         {/* Booking Modal */}
 288 | |         {showBookingModal && selectedSchedule && (
 289 | |           <BookingModal 
 290 | |             schedule={selectedSchedule}
 291 | |             user={user}
 292 | |             onClose={() => setShowBookingModal(false)}
 293 | |             onSuccess={handleBookingSuccess}
 294 | |           />
 295 | |         )}
 296 | |       </div>
 297 | `->   );
 298 |     }
     `----
  x Expression expected
     ,-[298:1]
 295 |       )}
 296 |     </div>
 297 |   );
 298 | }
     : ^
     `----


Caused by:
    Syntax Error
