[now-sdk] Initiating the build process ...
[now-sdk] Building project from C:\Users\VARGAS\OneDrive\Documents\e-Bakuna...
[now-sdk] WARN: No tsconfig.json found in "src/client" directory, using default compiler options for type checking
[now-sdk] Type check completed successfully
[now-sdk] Bundled chunk: ebakuna-main.jsdbx (205574 bytes)
[now-sdk] Bundled asset: ebakuna-main.jsdbx.map (1091593 bytes)
[now-sdk] Bundled asset: ebakuna.html (526 bytes)
[now-sdk] Bundled asset: .translations.json (20 bytes)
[now-sdk] Bundled asset: ebakuna.ui-source-manifest.json (707 bytes)
[now-sdk] Bundled chunk: main.jsdbx (269636 bytes)
[now-sdk] Bundled asset: main.jsdbx.map (1385956 bytes)
[now-sdk] Bundled asset: index.html (509 bytes)
[now-sdk] Bundled asset: .translations.json (20 bytes)
[now-sdk] Bundled asset: index.ui-source-manifest.json (792 bytes)
[now-sdk] ERROR: Plugin "RolePlugin" failed to transform "CallExpressionShape" shape into record: Failed to cast UndefinedShape to StringShape
[now-sdk] Built source artifact "x_2009786_vaccinat_ebakuna.do - BYOUI Files" (0.05 MB, 15 files)
[now-sdk] ERROR: [96msrc/fluent/index.now.ts[0m:[93m8[0m:[93m14[0m - [91merror[0m[90m TS2451: [0mCannot redeclare block-scoped variable 'citizenRole'.

[7m8[0m export const citizenRole = Role({
[7m [0m [91m             ~~~~~~~~~~~[0m

[now-sdk] ERROR: [96msrc/fluent/index.now.ts[0m:[93m9[0m:[93m17[0m - [91merror[0m[90m TS2353: [0mObject literal may only specify known properties, and ''sapangdaku'' does not exist in type 'Role & Meta'.

[7m9[0m                 'sapangdaku': { label: 'Sapangdaku', sequence: 21 },
[7m [0m [91m                ~~~~~~~~~~~~[0m

[now-sdk] ERROR: [96msrc/fluent/index.now.ts[0m:[93m65[0m:[93m9[0m - [91merror[0m[90m TS1005: [0m',' expected.

[7m65[0m         }),
[7m  [0m [91m        ~[0m

[now-sdk] ERROR: [96msrc/fluent/index.now.ts[0m:[93m65[0m:[93m10[0m - [91merror[0m[90m TS1128: [0mDeclaration or statement expected.

[7m65[0m         }),
[7m  [0m [91m         ~[0m

[now-sdk] ERROR: [96msrc/fluent/index.now.ts[0m:[93m65[0m:[93m11[0m - [91merror[0m[90m TS1128: [0mDeclaration or statement expected.

[7m65[0m         }),
[7m  [0m [91m          ~[0m

[now-sdk] ERROR: [96msrc/fluent/index.now.ts[0m:[93m66[0m:[93m22[0m - [91merror[0m[90m TS2304: [0mCannot find name 'ChoiceColumn'.

[7m66[0m         clinic_type: ChoiceColumn({
[7m  [0m [91m                     ~~~~~~~~~~~~[0m

[now-sdk] ERROR: [96msrc/fluent/index.now.ts[0m:[93m75[0m:[93m9[0m - [91merror[0m[90m TS2304: [0mCannot find name 'status'.

[7m75[0m         status: ChoiceColumn({
[7m  [0m [91m        ~~~~~~[0m

[now-sdk] ERROR: [96msrc/fluent/index.now.ts[0m:[93m75[0m:[93m15[0m - [91merror[0m[90m TS1005: [0m';' expected.

[7m75[0m         status: ChoiceColumn({
[7m  [0m [91m              ~[0m

[now-sdk] ERROR: [96msrc/fluent/index.now.ts[0m:[93m75[0m:[93m17[0m - [91merror[0m[90m TS2304: [0mCannot find name 'ChoiceColumn'.

[7m75[0m         status: ChoiceColumn({
[7m  [0m [91m                ~~~~~~~~~~~~[0m

[now-sdk] ERROR: [96msrc/fluent/index.now.ts[0m:[93m83[0m:[93m5[0m - [91merror[0m[90m TS1128: [0mDeclaration or statement expected.

[7m83[0m     },
[7m  [0m [91m    ~[0m

[now-sdk] ERROR: [96msrc/fluent/index.now.ts[0m:[93m83[0m:[93m6[0m - [91merror[0m[90m TS1128: [0mDeclaration or statement expected.

[7m83[0m     },
[7m  [0m [91m     ~[0m

[now-sdk] ERROR: [96msrc/fluent/index.now.ts[0m:[93m85[0m:[93m1[0m - [91merror[0m[90m TS1128: [0mDeclaration or statement expected.

[7m85[0m })
[7m  [0m [91m~[0m

[now-sdk] ERROR: [96msrc/fluent/index.now.ts[0m:[93m85[0m:[93m2[0m - [91merror[0m[90m TS1128: [0mDeclaration or statement expected.

[7m85[0m })
[7m  [0m [91m ~[0m

[now-sdk] ERROR: [96msrc/fluent/index.now.ts[0m:[93m88[0m:[93m44[0m - [91merror[0m[90m TS2304: [0mCannot find name 'Table'.

[7m88[0m export const x_2009786_vaccinat_schedule = Table({
[7m  [0m [91m                                           ~~~~~[0m

[now-sdk] ERROR: [96msrc/fluent/index.now.ts[0m:[93m92[0m:[93m17[0m - [91merror[0m[90m TS2304: [0mCannot find name 'ReferenceColumn'.

[7m92[0m         clinic: ReferenceColumn({
[7m  [0m [91m                ~~~~~~~~~~~~~~~[0m

[now-sdk] ERROR: [96msrc/fluent/index.now.ts[0m:[93m96[0m:[93m26[0m - [91merror[0m[90m TS2304: [0mCannot find name 'DateTimeColumn'.

[7m96[0m         start_date_time: DateTimeColumn({
[7m  [0m [91m                         ~~~~~~~~~~~~~~[0m

[now-sdk] ERROR: [96msrc/fluent/index.now.ts[0m:[93m99[0m:[93m24[0m - [91merror[0m[90m TS2304: [0mCannot find name 'DateTimeColumn'.

[7m99[0m         end_date_time: DateTimeColumn({
[7m  [0m [91m                       ~~~~~~~~~~~~~~[0m

[now-sdk] ERROR: [96msrc/fluent/index.now.ts[0m:[93m102[0m:[93m24[0m - [91merror[0m[90m TS2304: [0mCannot find name 'ChoiceColumn'.

[7m102[0m         vaccine_brand: ChoiceColumn({
[7m   [0m [91m                       ~~~~~~~~~~~~[0m

[now-sdk] ERROR: [96msrc/fluent/index.now.ts[0m:[93m117[0m:[93m23[0m - [91merror[0m[90m TS2304: [0mCannot find name 'IntegerColumn'.

[7m117[0m         max_capacity: IntegerColumn({
[7m   [0m [91m                      ~~~~~~~~~~~~~[0m

[now-sdk] ERROR: [96msrc/fluent/index.now.ts[0m:[93m120[0m:[93m26[0m - [91merror[0m[90m TS2304: [0mCannot find name 'IntegerColumn'.

[7m120[0m         remaining_slots: IntegerColumn({
[7m   [0m [91m                         ~~~~~~~~~~~~~[0m

[now-sdk] ERROR: [96msrc/fluent/index.now.ts[0m:[93m124[0m:[93m17[0m - [91merror[0m[90m TS2304: [0mCannot find name 'ChoiceColumn'.

[7m124[0m         status: ChoiceColumn({
[7m   [0m [91m                ~~~~~~~~~~~~[0m

[now-sdk] ERROR: [96msrc/fluent/index.now.ts[0m:[93m137[0m:[93m47[0m - [91merror[0m[90m TS2304: [0mCannot find name 'Table'.

[7m137[0m export const x_2009786_vaccinat_appointment = Table({
[7m   [0m [91m                                              ~~~~~[0m

[now-sdk] ERROR: [96msrc/fluent/index.now.ts[0m:[93m141[0m:[93m18[0m - [91merror[0m[90m TS2304: [0mCannot find name 'ReferenceColumn'.

[7m141[0m         citizen: ReferenceColumn({
[7m   [0m [91m                 ~~~~~~~~~~~~~~~[0m

[now-sdk] ERROR: [96msrc/fluent/index.now.ts[0m:[93m145[0m:[93m24[0m - [91merror[0m[90m TS2304: [0mCannot find name 'ReferenceColumn'.

[7m145[0m         schedule_slot: ReferenceColumn({
[7m   [0m [91m                       ~~~~~~~~~~~~~~~[0m

[now-sdk] ERROR: [96msrc/fluent/index.now.ts[0m:[93m149[0m:[93m27[0m - [91merror[0m[90m TS2304: [0mCannot find name 'StringColumn'.

[7m149[0m         reference_number: StringColumn({
[7m   [0m [91m                          ~~~~~~~~~~~~[0m

[now-sdk] ERROR: [96msrc/fluent/index.now.ts[0m:[93m154[0m:[93m22[0m - [91merror[0m[90m TS2304: [0mCannot find name 'ChoiceColumn'.

[7m154[0m         dose_number: ChoiceColumn({
[7m   [0m [91m                     ~~~~~~~~~~~~[0m

[now-sdk] ERROR: [96msrc/fluent/index.now.ts[0m:[93m163[0m:[93m17[0m - [91merror[0m[90m TS2304: [0mCannot find name 'ChoiceColumn'.

[7m163[0m         status: ChoiceColumn({
[7m   [0m [91m                ~~~~~~~~~~~~[0m

[now-sdk] ERROR: [96msrc/fluent/index.now.ts[0m:[93m178[0m:[93m50[0m - [91merror[0m[90m TS2304: [0mCannot find name 'Table'.

[7m178[0m export const x_2009786_vaccinat_medical_record = Table({
[7m   [0m [91m                                                 ~~~~~[0m

[now-sdk] ERROR: [96msrc/fluent/index.now.ts[0m:[93m182[0m:[93m22[0m - [91merror[0m[90m TS2304: [0mCannot find name 'ReferenceColumn'.

[7m182[0m         appointment: ReferenceColumn({
[7m   [0m [91m                     ~~~~~~~~~~~~~~~[0m

[now-sdk] ERROR: [96msrc/fluent/index.now.ts[0m:[93m186[0m:[93m18[0m - [91merror[0m[90m TS2304: [0mCannot find name 'ReferenceColumn'.

[7m186[0m         citizen: ReferenceColumn({
[7m   [0m [91m                 ~~~~~~~~~~~~~~~[0m

[now-sdk] ERROR: [96msrc/fluent/index.now.ts[0m:[93m190[0m:[93m30[0m - [91merror[0m[90m TS2304: [0mCannot find name 'BooleanColumn'.

[7m190[0m         hd_fever_cough_cold: BooleanColumn({
[7m   [0m [91m                             ~~~~~~~~~~~~~[0m

[now-sdk] ERROR: [96msrc/fluent/index.now.ts[0m:[93m193[0m:[93m27[0m - [91merror[0m[90m TS2304: [0mCannot find name 'BooleanColumn'.

[7m193[0m         hd_covid_contact: BooleanColumn({
[7m   [0m [91m                          ~~~~~~~~~~~~~[0m

[now-sdk] ERROR: [96msrc/fluent/index.now.ts[0m:[93m196[0m:[93m33[0m - [91merror[0m[90m TS2304: [0mCannot find name 'BooleanColumn'.

[7m196[0m         hd_anaphylaxis_history: BooleanColumn({
[7m   [0m [91m                                ~~~~~~~~~~~~~[0m

[now-sdk] ERROR: [96msrc/fluent/index.now.ts[0m:[93m199[0m:[93m36[0m - [91merror[0m[90m TS2304: [0mCannot find name 'BooleanColumn'.

[7m199[0m         hd_pregnant_breastfeeding: BooleanColumn({
[7m   [0m [91m                                   ~~~~~~~~~~~~~[0m

[now-sdk] ERROR: [96msrc/fluent/index.now.ts[0m:[93m202[0m:[93m28[0m - [91merror[0m[90m TS2304: [0mCannot find name 'BooleanColumn'.

[7m202[0m         hd_recent_vaccine: BooleanColumn({
[7m   [0m [91m                           ~~~~~~~~~~~~~[0m

[now-sdk] ERROR: [96msrc/fluent/index.now.ts[0m:[93m205[0m:[93m20[0m - [91merror[0m[90m TS2304: [0mCannot find name 'StringColumn'.

[7m205[0m         allergies: StringColumn({
[7m   [0m [91m                   ~~~~~~~~~~~~[0m

[now-sdk] ERROR: [96msrc/fluent/index.now.ts[0m:[93m209[0m:[93m19[0m - [91merror[0m[90m TS2304: [0mCannot find name 'StringColumn'.

[7m209[0m         symptoms: StringColumn({
[7m   [0m [91m                  ~~~~~~~~~~~~[0m

[now-sdk] ERROR: [96msrc/fluent/index.now.ts[0m:[93m213[0m:[93m25[0m - [91merror[0m[90m TS2304: [0mCannot find name 'DateColumn'.

[7m213[0m         follow_up_date: DateColumn({
[7m   [0m [91m                        ~~~~~~~~~~[0m

[now-sdk] ERROR: [96msrc/fluent/index.now.ts[0m:[93m216[0m:[93m25[0m - [91merror[0m[90m TS2304: [0mCannot find name 'BooleanColumn'.

[7m216[0m         consent_signed: BooleanColumn({
[7m   [0m [91m                        ~~~~~~~~~~~~~[0m

[now-sdk] ERROR: [96msrc/fluent/index.now.ts[0m:[93m223[0m:[93m14[0m - [91merror[0m[90m TS2451: [0mCannot redeclare block-scoped variable 'citizenRole'.

[7m223[0m export const citizenRole = Role({
[7m   [0m [91m             ~~~~~~~~~~~[0m

[now-sdk] ERROR: [96msrc/fluent/index.now.ts[0m:[93m66[0m:[93m9[0m - [91merror[0m[90m TS256: [0mNode kind "LabeledStatement" is not allowed in Fluent files.

[7m 66[0m         clinic_type: ChoiceColumn({
[7m   [0m [91m        ~~~~~~~~~~~~~~~~~~~~~~~~~~~[0m
[7m 67[0m             label: 'Clinic Type',
[7m   [0m [91m~~~~~~~~~~~~~~~~~~~~~~~~~~~~~~~~~[0m
[7m...[0m 
[7m 74[0m         }),
[7m   [0m [91m~~~~~~~~~~~[0m
[7m 75[0m         status: ChoiceColumn({
[7m   [0m [91m~~~~~~~~~~~~~~[0m

[now-sdk] ERROR: [96msrc/fluent/index.now.ts[0m:[93m84[0m:[93m5[0m - [91merror[0m[90m TS256: [0mNode kind "LabeledStatement" is not allowed in Fluent files.

[7m84[0m     display: 'clinic_name'
[7m  [0m [91m    ~~~~~~~~~~~~~~~~~~~~~~[0m

[now-sdk] ERROR: [96msrc/fluent/index.now.ts[0m:[93m65[0m:[93m9[0m - [91merror[0m[90m TS20: [0mNode kind "CloseBraceToken" is not allowed in Fluent files.

[7m65[0m         }),
[7m  [0m [91m        ~[0m

[now-sdk] ERROR: [96msrc/fluent/index.now.ts[0m:[93m65[0m:[93m9[0m - [91merror[0m[90m TS20: [0mUnsupported statement in Fluent source file.

[7m65[0m         }),
[7m  [0m [91m        ~[0m

[now-sdk] ERROR: Found 44 diagnostic error(s) while building the project.
[now-sdk] ERROR: Build failed due to errors
